// Jest Snapshot v1, https://goo.gl/fbAQLP

exports[`App Teste Hello World 1`] = `
<div
  style={
    Object {
      "textAlign": "center",
    }
  }
>
  <h1>
    Hello World
  </h1>
</div>
`;
